// Jest Snapshot v1, https://goo.gl/fbAQLP

exports[`Home renders a heading 1`] = `
<div>
  <h1>
    welcome to next.js!
  </h1>
</div>
`;

exports[`Sample renders a heading 1`] = `
<div>
  <h1>
    welcome to next.js!
  </h1>
</div>
`;
